13:31:36 **** Incremental Build of configuration Debug for project MS_CPU_F4_ExampleFirmware ****
make -j12 all 
arm-none-eabi-gcc "../UserLibs/LSM6DS3/LSM6DS3.c" -mcpu=cortex-m4 -std=gnu11 -g3 -DDEBUG -DUSE_HAL_DRIVER -DSTM32F401xC -c -I../Core/Inc -I"C:/Users/Sergey/Desktop/MicroSatV1/MicroSat/Firmware/UserLibs" -I../Drivers/STM32F4xx_HAL_Driver/Inc -I../Drivers/STM32F4xx_HAL_Driver/Inc/Legacy -I../Drivers/CMSIS/Device/ST/STM32F4xx/Include -I../Drivers/CMSIS/Include -I../USB_DEVICE/App -I../USB_DEVICE/Target -I../Middlewares/ST/STM32_USB_Device_Library/Core/Inc -I../Middlewares/ST/STM32_USB_Device_Library/Class/CDC/Inc -O0 -ffunction-sections -fdata-sections -Wall -fstack-usage -MMD -MP -MF"UserLibs/LSM6DS3/LSM6DS3.d" -MT"UserLibs/LSM6DS3/LSM6DS3.o" --specs=nano.specs -mfpu=fpv4-sp-d16 -mfloat-abi=hard -mthumb -o "UserLibs/LSM6DS3/LSM6DS3.o"
arm-none-eabi-gcc -o "MS_CPU_F4_ExampleFirmware.elf" @"objects.list"   -mcpu=cortex-m4 -T"C:\Users\Sergey\Desktop\MicroSatV1\MicroSat\Firmware\STM32F401CCUX_FLASH.ld" --specs=nosys.specs -Wl,-Map="MS_CPU_F4_ExampleFirmware.map" -Wl,--gc-sections -static --specs=nano.specs -mfpu=fpv4-sp-d16 -mfloat-abi=hard -mthumb -Wl,--start-group -lc -lm -Wl,--end-group
Finished building target: MS_CPU_F4_ExampleFirmware.elf
 
arm-none-eabi-size   MS_CPU_F4_ExampleFirmware.elf 
arm-none-eabi-objdump -h -S  MS_CPU_F4_ExampleFirmware.elf  > "MS_CPU_F4_ExampleFirmware.list"
arm-none-eabi-objcopy  -O binary  MS_CPU_F4_ExampleFirmware.elf  "MS_CPU_F4_ExampleFirmware.bin"
   text	   data	    bss	    dec	    hex	filename
  37308	    496	   6688	  44492	   adcc	MS_CPU_F4_ExampleFirmware.elf
Finished building: default.size.stdout
 
Finished building: MS_CPU_F4_ExampleFirmware.bin
 
Finished building: MS_CPU_F4_ExampleFirmware.list
 

13:31:37 Build Finished. 0 errors, 0 warnings. (took 734ms)

